// Jest Snapshot v1, https://goo.gl/fbAQLP

exports[`Gallery component should match the snapshot 1`] = `"<div class=\\"App\\"><header class=\\"header\\"><h1 class=\\"logo-text\\">Poolia Gallery</h1></header><main><section class=\\"gallery-container\\"><h2 class=\\"hide\\">Gallery Section</h2><div class=\\"not-found\\">Loading</div></section><div data-testid=\\"modal\\" class=\\"modal\\"><button class=\\"close-btn\\"><img src=\\"close.svg\\" alt=\\"Close modal\\"/></button><img data-testid=\\"img\\" class=\\"modal-img\\"/><div class=\\"modal-body\\"><h3 data-testid=\\"title\\">Image title</h3><p data-testid=\\"description\\"></p></div></div></main></div>"`;
