// Jest Snapshot v1, https://goo.gl/fbAQLP

exports[`Gallery component should match the snapshot 1`] = `"<section class=\\"gallery-container\\"><h2 class=\\"hide\\">Gallery Section</h2><div class=\\"not-found\\">Loading</div></section><div class=\\"modal\\"><img src=\\"close.svg\\" alt=\\"Close modal\\" class=\\"close-btn\\"/><img class=\\"modal-img\\"/><div class=\\"modal-body\\"><h3>Image title</h3><p></p></div></div>"`;
